[www.pavitraorganicdayspa.com/index.html]
[backblue.gif]
[fade.gif]
[index.html]
[images.squarespace-cdn.com/content/5ac3d3a2e2ccd13bb0ba12c6/1522790183281-TM16CZSJC2JV138ZQYSG/Pavitra-02+Fuchia+Gray2acd.png]
[assets.squarespace.com/@sqs/polyfiller/1.2.2/legacy.js]
[use.typekit.net/ik/UcJZq9wU0tfm0TxjCnr1g5uVZqpJ9CYxKIgHXCXJiZCfeGC2fFHN4UJLFRbh52jhWDmyjDFqwhIkZQ4RjhbUwh4Kwe4ywQ4RFy78MPG0-a4TSasTjAtlShmtiY4zO1FUiABkZWF3jAF8]
[assets.squarespace.com/@sqs/polyfiller/1.2.2/modern.js]
[assets.squarespace.com/universal/scripts-compressed/extract-css-runtime-b0e402906be83981e0264-min.en-US.js]
[assets.squarespace.com/universal/scripts-compressed/cldr-resource-pack-83b0e6eb9a2c7557ad4c0-min.en-US.js]
[assets.squarespace.com/universal/scripts-compressed/common-vendors-stable-9b2a74c45b27271fd111d-min.en-US.js]
[assets.squarespace.com/universal/scripts-compressed/extract-css-moment-js-vendor-98bddc81dc37f44faa7b2-min.en-US.js]
[assets.squarespace.com/universal/scripts-compressed/performance-8b6f08d427d358ad6b72c-min.en-US.js]
[www.pavitraorganicdayspa.com/welcome-pavitra-organic-day-spaa409]
[images.squarespace-cdn.com/content/v1/5ac3d3a2e2ccd13bb0ba12c6/1522790183281-TM16CZSJC2JV138ZQYSG/Pavitra-02+Fuchia+Gray26f7.png]
[static1.squarespace.com/static/sitecss/5ac3d3a2e2ccd13bb0ba12c6/53/55f0aac0e4b0f0a5b7e0b22e/5ac3d3a2e2ccd13bb0ba12da/349/site.css]
[www.pavitraorganicdayspa.com/search.html]
[www.pavitraorganicdayspa.com/spa-packages.html]
[www.pavitraorganicdayspa.com/pavitraspaevents.html]
[www.pavitraorganicdayspa.com/gift-certificates-1.html]
[www.pavitraorganicdayspa.com/blog.html]
[www.pavitraorganicdayspa.com/testimonials.html]
[www.pavitraorganicdayspa.com/our-story.html]
[www.pavitraorganicdayspa.com/see-the-spa.html]
[assets.squarespace.com/universal/scripts-compressed/common-vendors-4b723af433bd0f0574b77-min.en-US.js]
[www.pavitraorganicdayspa.com/pavitra-massage-therapy.html]
[www.pavitraorganicdayspa.com/pavitra-facial-treatment.html]
[www.pavitraorganicdayspa.com/pavitra-body-treatments.html]
[assets.squarespace.com/universal/scripts-compressed/common-7d2274e9405484b5bb8c6-min.en-US.js]
[www.pavitraorganicdayspa.com/pavitra-signature-treatments.html]
[www.pavitraorganicdayspa.com/waxingtinting.html]
[www.pavitraorganicdayspa.com/incentives.html]
[www.pavitraorganicdayspa.com/pavitra-contact-location.html]
[images.squarespace-cdn.com/content/v1/5ac3d3a2e2ccd13bb0ba12c6/1526051448921-DPIXN07UBS025BRYQBTI/shutterstock_290096156-01.png]
[images.squarespace-cdn.com/content/v1/5ac3d3a2e2ccd13bb0ba12c6/1526051183061-E3TDKVAM4AAGDWO5JFI5/shutterstock_290096156-03.png]
[images.squarespace-cdn.com/content/v1/5ac3d3a2e2ccd13bb0ba12c6/1526052222376-GEV5WIVLKJ6Y7VHLT1FX/shutterstock_290096156-05.jpg]
[images.squarespace-cdn.com/content/v1/5ac3d3a2e2ccd13bb0ba12c6/1526051501250-SZSKGW6VL5NE96W39GIO/shutterstock_290096156-06.png]
[www.pavitraorganicdayspa.com/covid-19.html]
[www.pavitraorganicdayspa.com/spa-policy.html]
[images.squarespace-cdn.com/content/v1/5ac3d3a2e2ccd13bb0ba12c6/1522791382929-51DIHWPW82AIDHODVYND/Pavitra-01+Fuchia+Gray+Green.png]
[www.pavitraorganicdayspa.com/index.html]
[assets.squarespace.com/universal/images-v6/damask/error-dark.png]
[assets.squarespace.com/universal/images-v6/damask/error-dark@2x.png]
[static1.squarespace.com/static/ta/55f0a9b0e4b0f3eb70352f6d/349/scripts/site-bundle.js]
[assets.squarespace.com/universal/images-v6/damask/play-button.png]
[assets.squarespace.com/universal/images-v6/damask/play-button@2x.png]
[assets.squarespace.com/universal/images-v6/damask/edit-aviary-light.png]
[assets.squarespace.com/universal/images-v6/damask/edit-aviary-light@2x.png]
[assets.squarespace.com/universal/images-v6/damask/edit-info-light.png]
[assets.squarespace.com/universal/images-v6/damask/edit-info-light@2x.png]
[assets.squarespace.com/universal/images-v6/damask/trash-9-light.png]
[assets.squarespace.com/universal/images-v6/damask/trash-9-light@2x.png]
[assets.squarespace.com/universal/images-v6/damask/trash-9-red.png]
[assets.squarespace.com/universal/images-v6/damask/trash-9-red@2x.png]
[assets.squarespace.com/universal/images-v6/damask/getty-16-light.png]
[assets.squarespace.com/universal/images-v6/damask/getty-32-light.png]
[assets.squarespace.com/universal/images-v6/damask/shopping-cart-16-light.png]
[assets.squarespace.com/universal/images-v6/damask/shopping-cart-32-light.png]
[static1.squarespace.com/universal/images-v6/icons/block-indicator-dark.png]
[static1.squarespace.com/universal/images-v6/icons/block-indicator-dark@2x.png]
[static1.squarespace.com/universal/images-v6/icons/opentable-icons.png]
[static1.squarespace.com/universal/images-v6/icons/icon-searchqueries-20-dark.png]
[static1.squarespace.com/universal/images-v6/icons/icon-searchqueries-20-light.png]
[assets.squarespace.com/universal/images-v6/icons/icon-video-24-light-solid.png]
[static1.squarespace.com/universal/images-v6/damask/image-inside-64-dark.png]
[static1.squarespace.com/universal/images-v6/damask/image-inside-128-dark.png]
[assets.squarespace.com/universal/images-v6/standard/icon_close_7_light.png]
[assets.squarespace.com/universal/images-v6/icons/icon-settings-16-light.png]
[static1.squarespace.com/static/sitecss/5ac3d3a2e2ccd13bb0ba12c6/53/55f0aac0e4b0f0a5b7e0b22e/5ac3d3a2e2ccd13bb0ba12da/349/site.css]
[www.pavitraorganicdayspa.com/assets/ui-icons.svg]
[assets.squarespace.com/universal/scripts-compressed/extract-css-runtime-f8e05d4befc230ef480e9-min.en-US.js]
[www.pavitraorganicdayspa.com/search.html]
[assets.squarespace.com/universal/scripts-compressed/extract-css-runtime-e377c7edd6f517233fe34-min.en-US.js]
[images.squarespace-cdn.com/content/v1/5ac3d3a2e2ccd13bb0ba12c6/1526994221079-BSO30EEKRM757WULINJW/Pavitra+++Patina+=+heart-01.png]
[www.pavitraorganicdayspa.com/spa-packages.html]
[assets.squarespace.com/universal/scripts-compressed/extract-css-runtime-a534ac96c96d4629bda28-min.en-US.js]
[assets.squarespace.com/universal/scripts-compressed/common-vendors-584b38eb7e5ba560fe3c5-min.en-US.js]
[www.pavitraorganicdayspa.com/pavitraspaevents.html]
[images.squarespace-cdn.com/content/v1/5ac3d3a2e2ccd13bb0ba12c6/1531751667418-E2NCAS7NHSPTWT80J8B6/Pavitra+Gift+Card+Mockup-01.png]
[assets.squarespace.com/universal/scripts-compressed/common-b8c1d7461a88509047c05-min.en-US.js]
[assets.squarespace.com/universal/scripts-compressed/common-66e9e0b3bbf73343aba9a-min.en-US.js]
[www.pavitraorganicdayspa.com/gift-certificates-1.html]
[assets.squarespace.com/universal/scripts-compressed/extract-css-runtime-2d5f47e162b16f4eb3f34-min.en-US.js]
[www.pavitraorganicdayspa.com/bloga409]
[www.pavitraorganicdayspa.com/blog.html]
[www.pavitraorganicdayspa.com/testimonials.html]
[assets.squarespace.com/universal/scripts-compressed/common-b08741f60affeaa84e044-min.en-US.js]
[assets.squarespace.com/universal/scripts-compressed/extract-css-runtime-d572255b6d5119835a2d8-min.en-US.js]
[www.pavitraorganicdayspa.com/our-story.html]
[www.pavitraorganicdayspa.com/see-the-spa.html]
[www.pavitraorganicdayspa.com/pavitra-massage-therapy.html]
[www.pavitraorganicdayspa.com/pavitra-facial-treatment.html]
[images.squarespace-cdn.com/content/v1/5ac3d3a2e2ccd13bb0ba12c6/1525450180111-OSDE11AW31HITAV2JN5N/Pavitra+Spa+Facial+Treatment.jpg]
[assets.squarespace.com/universal/scripts-compressed/extract-css-runtime-d039fda2dcc7e03b5e377-min.en-US.js]
[images.squarespace-cdn.com/content/v1/5ac3d3a2e2ccd13bb0ba12c6/1525449749471-DB721R4MY52SOV6939GX/Body+Salt+Scrub.jpg]
[assets.squarespace.com/universal/scripts-compressed/common-befaaf216060740000bf8-min.en-US.js]
[www.pavitraorganicdayspa.com/pavitra-body-treatments.html]
[images.squarespace-cdn.com/content/v1/5ac3d3a2e2ccd13bb0ba12c6/1523542665616-T9AVCV26ULUXBQ82QTKU/Pavitra+Massage+Therapy.jpg]
[www.pavitraorganicdayspa.com/pavitra-signature-treatments.html]
[images.squarespace-cdn.com/content/v1/5ac3d3a2e2ccd13bb0ba12c6/1523542752208-3AGKNZVBI958Y54QWL3W/Pavitra+Spa+Waxing+.jpg]
[www.pavitraorganicdayspa.com/waxingtinting.html]
[www.pavitraorganicdayspa.com/incentives.html]
[www.pavitraorganicdayspa.com/pavitra-contact-location.html]
[www.pavitraorganicdayspa.com/covid-19.html]
[assets.squarespace.com/universal/scripts-compressed/extract-css-runtime-708abc31c2823710f03dd-min.en-US.js]
[assets.squarespace.com/universal/scripts-compressed/extract-css-runtime-35445225087c961c210f1-min.en-US.js]
[www.pavitraorganicdayspa.com/spa-policy.html]
[www.pavitraorganicdayspa.com/_/www.youtube.com/embed/9upVg4MFla49ae1.html]
[assets.squarespace.com/universal/scripts-compressed/common-aa83aa646eba2dfb60b35-min.en-US.js]
[assets.squarespace.com/universal/scripts-compressed/common-932dc6e23fa955c9bcd6a-min.en-US.js]
